// Jest Snapshot v1, https://goo.gl/fbAQLP

exports[`IssueSearchFieldComponent Debe hacer el match con el snapshot 1`] = `
<div
  id="root1"
>
  <mat-form-field
    class="mat-form-field w-full mat-primary mat-form-field-type-mat-input mat-form-field-appearance-legacy mat-form-field-can-float mat-form-field-has-label mat-form-field-hide-placeholder ng-untouched ng-pristine ng-valid"
  >
    <div
      class="mat-form-field-wrapper"
    >
      <div
        class="mat-form-field-flex"
      >
        
        
        <div
          class="mat-form-field-infix"
        >
          <input
            aria-invalid="false"
            aria-required="false"
            autocomplete="off"
            class="mat-input-element mat-form-field-autofill-control ng-untouched ng-pristine ng-valid cdk-text-field-autofill-monitored"
            data-placeholder="Username, Repository, Title"
            matinput=""
          />
          <span
            class="mat-form-field-label-wrapper"
          >
            <label
              class="mat-form-field-label mat-empty mat-form-field-empty"
            >
              
              <mat-label>
                Buscar
              </mat-label>
              
              
            </label>
            
          </span>
        </div>
        
      </div>
      <div
        class="mat-form-field-underline"
      >
        <span
          class="mat-form-field-ripple"
        />
      </div>
      
      <div
        class="mat-form-field-subscript-wrapper"
      >
        
        <div
          class="mat-form-field-hint-wrapper ng-trigger ng-trigger-transitionMessages"
          style="opacity:1;transform:translateY(0%);0:opacity;1:transform;"
        >
          
          <div
            class="mat-form-field-hint-spacer"
          />
        </div>
        
      </div>
    </div>
  </mat-form-field>
</div>
`;
